
> arcui@0.1.0 build
> npm run build:all && next build


> arcui@0.1.0 build:all
> npm run build:sidebar && npm run build:registry


> arcui@0.1.0 build:sidebar
> tsx scripts/generate-sidebar.ts

Γ£à Sidebar generated successfully ΓåÆ C:\Users\codew\OneDrive\Desktop\rareui\lib\sidebar-data.ts
≡ƒôä Copy created for Command Palette ΓåÆ C:\Users\codew\OneDrive\Desktop\rareui\public\sidebar.json

> arcui@0.1.0 build:registry
> tsx scripts/generate-registry.ts

Γ£à Generated registry for 27 components
   - @rareui/book-3d
   - @rareui/AnimatedTab
   - @rareui/AnimatedTabsDemo
   - @rareui/AvatarGroup
   - @rareui/ClickSpark
   - @rareui/FeatureBadge
   - @rareui/FloatingNavigation
   - @rareui/glass-shimmer-button
   - @rareui/GlassSearchBar
   - @rareui/LiquidWave
   - @rareui/LiquidWaveLazy
   - @rareui/LiquidButton
   - @rareui/LiquidMetal
   - @rareui/LiquidMetalLazy
   - @rareui/LoadingSpinner
   - @rareui/neumorphism3DButton
   - @rareui/ParticleCard
   - @rareui/premium-button
   - @rareui/premiumProfileCard
   - @rareui/retro-pixel-button
   - @rareui/SoftButton
   - @rareui/MagneticScatterText
   - @rareui/SoundText
   - @rareui/VaporSmokeText
   - @rareui/WordMagnet
   - @rareui/ThreeDButton
   - @rareui/ToastTabs
   Γû▓ Next.js 16.0.7 (Turbopack)
   - Environments: .env.local

   Creating an optimized production build ...
[MDX] generated files in 32.52969999999959ms
 Γ£ô Compiled successfully in 34.2s
   Running TypeScript ...
   Collecting page data using 11 workers ...
   Generating static pages using 11 workers (0/31) ...
node.exe : Error occurred 
prerendering page "/docs/co
mponents/retro-pixel-button
". Read more: https://nextj
s.org/docs/messages/prerend
er-error
At C:\Program 
Files\nodejs\npm.ps1:29 
char:3
+   & $NODE_EXE 
$NPM_CLI_JS $args
+   ~~~~~~~~~~~~~~~~~~~~~~~
~~~~~~
    + CategoryInfo         
     : NotSpecified: (Err  
  or occurred ...prerend   
 er-error:String) [], R    
emoteException
    + FullyQualifiedErrorI 
   d : NativeCommandError
 
Error: Event handlers 
cannot be passed to Client 
Component props.
  {onClick: function 
onClick, className: ..., 
children: ...}
            
^^^^^^^^^^^^^^^^
If you need interactivity, 
consider converting part 
of this to a Client 
Component.
    at stringify 
(<anonymous>) {
  digest: '1351174903'
}
Export encountered an 
error on 
/docs/[[...slug]]/page: /do
cs/components/retro-pixel-b
utton, exiting the build.
Error occurred 
prerendering page "/docs/3d
-elements/book-3d". Read 
more: https://nextjs.org/do
cs/messages/prerender-error
Error: Event handlers 
cannot be passed to Client 
Component props.
  {onClick: function 
onClick, className: ..., 
children: ...}
            
^^^^^^^^^^^^^^^^
If you need interactivity, 
consider converting part 
of this to a Client 
Component.
    at stringify 
(<anonymous>) {
  digest: '1351174903'
}
Export encountered an 
error on 
/docs/[[...slug]]/page: 
/docs/3d-elements/book-3d, 
exiting the build.
 Γ¿» Next.js build worker 
exited with code: 1 and 
signal: null
